RAM Allocation
Variable                                                          Address   Size
--------------------------------------------------------------------------------
servoInitError                                                    0x0A00      40
servo                                                             0x0A28      40
servoSet                                                          0x0A50      40
counterTG                                                         0x0A78       2
counterDelay                                                      0x0A7A       2
countGerakan                                                      0x0A7C       2
I                                                                 0x0A7E       2
index                                                             0x0A80       2
langkah                                                           0x0A82       2
langkahMax                                                        0x0A84       2
jumlahGerak                                                       0x0A86       2
speed                                                             0x0A88       2
countNo                                                           0x0A8A       2
VX                                                                0x0A8C       4
VY                                                                0x0A90       4
VZ                                                                0x0A94       4
W                                                                 0x0A98       4
initPositionX                                                     0x0A9C       4
initPositionY                                                     0x0AA0       4
initPositionZ                                                     0x0AA4       4
L1                                                                0x0AA8       4
L2                                                                0x0AAC       4
L3                                                                0x0AB0       4
L4                                                                0x0AB4       4
X                                                                 0x0AB8       8
Y                                                                 0x0AC0       8
Z                                                                 0x0AC8       8
Xset                                                              0x0AD0       8
Yset                                                              0x0AD8       8
Zset                                                              0x0AE0       8
Xerror                                                            0x0AE8       8
Yerror                                                            0x0AF0       8
Zerror                                                            0x0AF8       8
L1Kuadrat                                                         0x0B00       4
L2Kuadrat                                                         0x0B04       4
L3Kuadrat                                                         0x0B08       4
L4Kuadrat                                                         0x0B0C       4
XiKuadrat                                                         0x0B10       4
YiKuadrat                                                         0x0B14       4
ZiKuadrat                                                         0x0B18       4
bi                                                                0x0B1C       4
biKuadrat                                                         0x0B20       4
ai                                                                0x0B24       4
aiKuadrat                                                         0x0B28       4
ci                                                                0x0B2C       4
gamai                                                             0x0B30       4
betai                                                             0x0B34       4
alphai                                                            0x0B38       8
A1                                                                0x0B40       8
A2                                                                0x0B48       8
A3                                                                0x0B50       8
A5                                                                0x0B58       8
rad                                                               0x0B60       4
sudutSet                                                          0x0B64      80
state                                                             0x0BB4       2
cariBola                                                          0x0BB6       2
jalan                                                             0x0BB8       2
de                                                                0x0BBA       2
kondisiAmbrukDepan                                                0x0BBC       2
kondisiAmbrukBelakang                                             0x0BBE       2
hitungNgawur                                                      0x0BC0       2
delayNgawur                                                       0x0BC2       2
hitungWaras                                                       0x0BC4       2
delayWaras                                                        0x0BC6       2
hitungTendang                                                     0x0BC8       2
spx                                                               0x0BCA       2
spy                                                               0x0BCC       2
errorx                                                            0x0BCE       2
errory                                                            0x0BD0       2
px                                                                0x0BD2       2
py                                                                0x0BD4       2
mvx                                                               0x0BD6       2
mvy                                                               0x0BD8       2
sudah                                                             0x0BDA       2
Timeslot2                                                         0x0BDC       1
miringDepan                                                       0x0BDD       2
miringSamping                                                     0x0BDF       2
kompas                                                            0x0BE1       2
pos_x                                                             0x0BE3       2
pos_y                                                             0x0BE5       2
DataMasuk                                                         0x0BE7      10
DataRx                                                            0x0BF1       1
CountRx                                                           0x0BF2       1
count                                                             0x0BF3       2
hitung                                                            0x0BF5       2
countBall                                                         0x0BF7       2
Ball                                                              0x0BF9       2
xx                                                                0x0BFB       2
yy                                                                0x0BFD       2
DataR1                                                            0x0BFF       4
DataR2                                                            0x0C03       4
CountR1                                                           0x0C07       1
CountR0                                                           0x0C08       1
DataRRx                                                           0x0C09       1
_seed                                                             0x0C0A       4

EEPROM Allocation
Variable                                                          Address   Size
--------------------------------------------------------------------------------
eServoInitError                                                   0x0000      40

Register Allocation
Variable                                                          Register  Size
--------------------------------------------------------------------------------
countRxProtokol                                                   R4           1
robot                                                             R5,R6        2
delay                                                             R7,R8        2
tango                                                             R9,R10       2
tangi                                                             R11,R12      2
countTick                                                         R13,R14      2
Timeslot                                                          R3           1
