RAM Allocation [bytes]
Variable                                                                          Address   Size
------------------------------------------------------------------------------------------------
servoInitError                                                                    0x0A00      40
servo                                                                             0x0A28      40
servoSet                                                                          0x0A50      40
counterTG                                                                         0x0A78       2
counterDelay                                                                      0x0A7A       2
countGerakan                                                                      0x0A7C       2
I                                                                                 0x0A7E       2
index                                                                             0x0A80       2
langkah                                                                           0x0A82       2
langkahMax                                                                        0x0A84       2
jumlahGerak                                                                       0x0A86       2
speed                                                                             0x0A88       2
countNo                                                                           0x0A8A       2
VX                                                                                0x0A8C       4
VY                                                                                0x0A90       4
VZ                                                                                0x0A94       4
W                                                                                 0x0A98       4
initPositionX                                                                     0x0A9C       4
initPositionY                                                                     0x0AA0       4
initPositionZ                                                                     0x0AA4       4
L1                                                                                0x0AA8       4
L2                                                                                0x0AAC       4
L3                                                                                0x0AB0       4
L4                                                                                0x0AB4       4
X                                                                                 0x0AB8       8
Y                                                                                 0x0AC0       8
Z                                                                                 0x0AC8       8
Xset                                                                              0x0AD0       8
Yset                                                                              0x0AD8       8
Zset                                                                              0x0AE0       8
Xerror                                                                            0x0AE8       8
Yerror                                                                            0x0AF0       8
Zerror                                                                            0x0AF8       8
L1Kuadrat                                                                         0x0B00       4
L2Kuadrat                                                                         0x0B04       4
L3Kuadrat                                                                         0x0B08       4
L4Kuadrat                                                                         0x0B0C       4
XiKuadrat                                                                         0x0B10       4
YiKuadrat                                                                         0x0B14       4
ZiKuadrat                                                                         0x0B18       4
bi                                                                                0x0B1C       4
biKuadrat                                                                         0x0B20       4
ai                                                                                0x0B24       4
aiKuadrat                                                                         0x0B28       4
ci                                                                                0x0B2C       4
gamai                                                                             0x0B30       4
betai                                                                             0x0B34       4
alphai                                                                            0x0B38       8
A1                                                                                0x0B40       8
A2                                                                                0x0B48       8
A3                                                                                0x0B50       8
A5                                                                                0x0B58       8
rad                                                                               0x0B60       4
sudutSet                                                                          0x0B64      80
state                                                                             0x0BB4       2
kiper                                                                             0x0BB6       2
cariBola                                                                          0x0BB8       2
jalan                                                                             0x0BBA       2
kondisiAmbrukDepan                                                                0x0BBC       2
kondisiAmbrukBelakang                                                             0x0BBE       2
hitungNgawur                                                                      0x0BC0       2
delayNgawur                                                                       0x0BC2       2
hitungWaras                                                                       0x0BC4       2
hitungTendang                                                                     0x0BC6       2
spx                                                                               0x0BC8       2
spy                                                                               0x0BCA       2
errorx                                                                            0x0BCC       2
errory                                                                            0x0BCE       2
px                                                                                0x0BD0       2
py                                                                                0x0BD2       2
mvx                                                                               0x0BD4       2
mvy                                                                               0x0BD6       2
sudah                                                                             0x0BD8       2
Timeslot2                                                                         0x0BDA       1
miringDepan                                                                       0x0BDB       2
miringSamping                                                                     0x0BDD       2
kompas                                                                            0x0BDF       2
pos_x                                                                             0x0BE1       2
pos_y                                                                             0x0BE3       2
DataMasuk                                                                         0x0BE5      10
DataRx                                                                            0x0BEF       1
CountRx                                                                           0x0BF0       1
DataMasukR                                                                        0x0BF1      10
CountRxR                                                                          0x0BFB       1
count                                                                             0x0BFC       2
hitung                                                                            0x0BFE       2
countBall                                                                         0x0C00       2
Ball                                                                              0x0C02       2
xx                                                                                0x0C04       2
yy                                                                                0x0C06       2
DataR1                                                                            0x0C08       4
DataR2                                                                            0x0C0C       4
_seed                                                                             0x0C10       4

EEPROM Allocation [bytes]
Variable                                                                          Address   Size
------------------------------------------------------------------------------------------------
eServoInitError                                                                   0x0000      40

Register Allocation
Variable                                                                          Register  Size
------------------------------------------------------------------------------------------------
countRxProtokol                                                                   R4           1
robot                                                                             R5,R6        2
delay                                                                             R7,R8        2
tango                                                                             R9,R10       2
tangi                                                                             R11,R12      2
countTick                                                                         R13,R14      2
Timeslot                                                                          R3           1

FLASH Allocation [words]
Function                                                                          Address   Size
------------------------------------------------------------------------------------------------
timer2_ovf_isr                                                                    0x001EB     29
init                                                                              0x00208    305
ext_int3_isr                                                                      0x00339     17
usart0_rx_isr                                                                     0x0034A      1
usart2_rx_isr                                                                     0x0034B    185
usart3_rx_isr                                                                     0x00404    219
konversi_ardu                                                                     0x004DF      7
konversi_raspi                                                                    0x004E6     17
timer1_ovf_isr                                                                    0x004F7    344
timer1_compa_isr                                                                  0x0064F     53
timer1_compb_isr                                                                  0x00684     39
timer3_ovf_isr                                                                    0x006AB    315
timer3_compa_isr                                                                  0x007E6     27
timer3_compb_isr                                                                  0x00801     32
taskGerakan                                                                       0x00821    325
inversKinematic                                                                   0x00966    667
InputXYZ                                                                          0x00C01     65
main                                                                              0x00C42     66
halau_kanan                                                                       0x00C84     68
halau_kiri                                                                        0x00CC8     74
cari_bola                                                                         0x00D12     89
pid_servo                                                                         0x00D6B    222
berjalan                                                                          0x00E49    207
nek_ambruk                                                                        0x00F18     39
cari_lagi                                                                         0x00F3F     44
siap                                                                              0x00F6B     37
siap_kanan                                                                        0x00F90     34
siap_kiri                                                                         0x00FB2     44
maju                                                                              0x00FDE    116
rotasi_kiri                                                                       0x01052    151
rotasi_kanan                                                                      0x010E9    138
tendang_dik                                                                       0x01173    301
putchar                                                                           0x012A0     10
put_usart_G100                                                                    0x012AA     10
_ftoe_G100                                                                        0x012B4    208
_print_G100                                                                       0x01384    538
printf                                                                            0x0159E     37
atoi                                                                              0x015C3     55
ftoa                                                                              0x015FA    196
ftrunc                                                                            0x016BE     49
floor                                                                             0x016EF     14
sin                                                                               0x016FD    117
cos                                                                               0x01772     12
xatan                                                                             0x0177E     43
yatan                                                                             0x017A9     54
asin                                                                              0x017DF     88
acos                                                                              0x01837     31
atan2                                                                             0x01856     85
isdigit                                                                           0x018AB      9
isspace                                                                           0x018B4     11
strcpyf                                                                           0x018BF     13
strlen                                                                            0x018CC     12
strlenf                                                                           0x018D8     13
